// Jest Snapshot v1, https://jestjs.io/docs/snapshot-testing

exports[`lists all the components grouped 1`] = `
<List
  aria-label="Istio Component List"
  className="kiali_f6tdqla"
  id="istio-status"
>
  <ListItem
    key="status-core-istiod"
  >
    <IstioComponentStatus
      componentStatus={
        {
          "cluster": "Kubernetes",
          "isCore": true,
          "name": "istiod",
          "status": "NotFound",
        }
      }
    />
  </ListItem>
  <ListItem
    key="status-core-istio-egressgateway"
  >
    <IstioComponentStatus
      componentStatus={
        {
          "cluster": "Kubernetes",
          "isCore": true,
          "name": "istio-egressgateway",
          "status": "Unhealthy",
        }
      }
    />
  </ListItem>
  <ListItem
    key="status-addon-grafana"
  >
    <IstioComponentStatus
      componentStatus={
        {
          "cluster": "Kubernetes",
          "isCore": false,
          "name": "grafana",
          "status": "NotFound",
        }
      }
    />
  </ListItem>
  <ListItem
    key="status-addon-prometheus"
  >
    <IstioComponentStatus
      componentStatus={
        {
          "cluster": "Kubernetes",
          "isCore": false,
          "name": "prometheus",
          "status": "Unhealthy",
        }
      }
    />
  </ListItem>
</List>
`;
