// Jest Snapshot v1, https://jestjs.io/docs/snapshot-testing

exports[`Overview page renders initial layout 1`] = `
<Fragment>
  <Connect(OverviewToolbarComponent)
    displayMode={1}
    onChange={[Function]}
    onError={[Function]}
    onRefresh={[Function]}
    setDisplayMode={[Function]}
    sort={[Function]}
    statefulFilterRef={
      {
        "current": null,
      }
    }
  />
  <EmptyOverview
    filteredNamespaces={[]}
    loaded={false}
    refreshInterval={10000}
  >
    <RenderComponentScroll
      className="kiali_fa2tcyg"
    >
      <Grid />
    </RenderComponentScroll>
  </EmptyOverview>
  <OverviewTrafficPolicies
    duration={600}
    hideConfirmModal={[Function]}
    isOpen={false}
    kind=""
    load={[Function]}
    nsTarget=""
    opTarget=""
  />
</Fragment>
`;
