// Jest Snapshot v1, https://jestjs.io/docs/snapshot-testing

exports[`GraphLegend test should render correctly 1`] = `
<div
  className="kiali_fogtfx9"
  data-test="graph-legend"
>
  <div
    className="kiali_fokjcx6"
  >
    <span>
      Legend
    </span>
    <Tooltip
      content="Close Legend"
    >
      <Button
        icon={<Close />}
        id="legend_close"
        onClick={[MockFunction]}
        variant="plain"
      />
    </Tooltip>
  </div>
  <div
    className="kiali_fgk3kmh"
  >
    <div
      className="kiali_fqqe0s6"
      key="Node Shapes"
    >
      Node Shapes
      <div
        className="kiali_fxx5dxr"
        key="test-file-stub"
      >
        <span
          className="kiali_fzoxfwf"
        >
          <img
            alt="Workload"
            className=""
            src="test-file-stub"
          />
        </span>
        <span
          className="kiali_f7pgfh0"
        >
          Workload
        </span>
      </div>
      <div
        className="kiali_fxx5dxr"
        key="test-file-stub"
      >
        <span
          className="kiali_fzoxfwf"
        >
          <img
            alt="App"
            className=""
            src="test-file-stub"
          />
        </span>
        <span
          className="kiali_f7pgfh0"
        >
          App
        </span>
      </div>
      <div
        className="kiali_fxx5dxr"
        key="test-file-stub"
      >
        <span
          className="kiali_fzoxfwf"
        >
          <img
            alt="Operation"
            className=""
            src="test-file-stub"
          />
        </span>
        <span
          className="kiali_f7pgfh0"
        >
          Operation
        </span>
      </div>
      <div
        className="kiali_fxx5dxr"
        key="test-file-stub"
      >
        <span
          className="kiali_fzoxfwf"
        >
          <img
            alt="Service"
            className=""
            src="test-file-stub"
          />
        </span>
        <span
          className="kiali_f7pgfh0"
        >
          Service
        </span>
      </div>
      <div
        className="kiali_fxx5dxr"
        key="test-file-stub"
      >
        <span
          className="kiali_fzoxfwf"
        >
          <img
            alt="Service Entry"
            className=""
            src="test-file-stub"
          />
        </span>
        <span
          className="kiali_f7pgfh0"
        >
          Service Entry
        </span>
      </div>
    </div>
    <div
      className="kiali_fqqe0s6"
      key="Node Colors"
    >
      Node Colors
      <div
        className="kiali_fxx5dxr"
        key="test-file-stub"
      >
        <span
          className="kiali_fzoxfwf"
        >
          <img
            alt="Healthy"
            className=""
            src="test-file-stub"
          />
        </span>
        <span
          className="kiali_f7pgfh0"
        >
          Healthy
        </span>
      </div>
      <div
        className="kiali_fxx5dxr"
        key="test-file-stub"
      >
        <span
          className="kiali_fzoxfwf"
        >
          <img
            alt="Warn"
            className=""
            src="test-file-stub"
          />
        </span>
        <span
          className="kiali_f7pgfh0"
        >
          Warn
        </span>
      </div>
      <div
        className="kiali_fxx5dxr"
        key="test-file-stub"
      >
        <span
          className="kiali_fzoxfwf"
        >
          <img
            alt="Unhealthy"
            className=""
            src="test-file-stub"
          />
        </span>
        <span
          className="kiali_f7pgfh0"
        >
          Unhealthy
        </span>
      </div>
      <div
        className="kiali_fxx5dxr"
        key="test-file-stub"
      >
        <span
          className="kiali_fzoxfwf"
        >
          <img
            alt="Idle"
            className=""
            src="test-file-stub"
          />
        </span>
        <span
          className="kiali_f7pgfh0"
        >
          Idle
        </span>
      </div>
    </div>
    <div
      className="kiali_fqqe0s6"
      key="Node Background"
    >
      Node Background
      <div
        className="kiali_fxx5dxr"
        key="test-file-stub"
      >
        <span
          className="kiali_fzoxfwf"
        >
          <img
            alt="Unselected Namespace"
            className=""
            src="test-file-stub"
          />
        </span>
        <span
          className="kiali_f7pgfh0"
        >
          Unselected Namespace
        </span>
      </div>
      <div
        className="kiali_fxx5dxr"
        key="test-file-stub"
      >
        <span
          className="kiali_fzoxfwf"
        >
          <img
            alt="Restricted / External"
            className=""
            src="test-file-stub"
          />
        </span>
        <span
          className="kiali_f7pgfh0"
        >
          Restricted / External
        </span>
      </div>
    </div>
    <div
      className="kiali_fqqe0s6"
      key="Edges"
    >
      Edges
      <div
        className="kiali_fxx5dxr"
        key="test-file-stub"
      >
        <span
          className="kiali_fzoxfwf"
        >
          <img
            alt="Failure"
            className=""
            src="test-file-stub"
          />
        </span>
        <span
          className="kiali_f7pgfh0"
        >
          Failure
        </span>
      </div>
      <div
        className="kiali_fxx5dxr"
        key="test-file-stub"
      >
        <span
          className="kiali_fzoxfwf"
        >
          <img
            alt="Degraded"
            className=""
            src="test-file-stub"
          />
        </span>
        <span
          className="kiali_f7pgfh0"
        >
          Degraded
        </span>
      </div>
      <div
        className="kiali_fxx5dxr"
        key="test-file-stub"
      >
        <span
          className="kiali_fzoxfwf"
        >
          <img
            alt="Healthy"
            className=""
            src="test-file-stub"
          />
        </span>
        <span
          className="kiali_f7pgfh0"
        >
          Healthy
        </span>
      </div>
      <div
        className="kiali_fxx5dxr"
        key="test-file-stub"
      >
        <span
          className="kiali_fzoxfwf"
        >
          <img
            alt="TCP Connection"
            className=""
            src="test-file-stub"
          />
        </span>
        <span
          className="kiali_f7pgfh0"
        >
          TCP Connection
        </span>
      </div>
      <div
        className="kiali_fxx5dxr"
        key="test-file-stub"
      >
        <span
          className="kiali_fzoxfwf"
        >
          <img
            alt="Idle"
            className=""
            src="test-file-stub"
          />
        </span>
        <span
          className="kiali_f7pgfh0"
        >
          Idle
        </span>
      </div>
      <div
        className="kiali_fxx5dxr"
        key="test-file-stub"
      >
        <span
          className="kiali_fzoxfwf"
        >
          <img
            alt="mTLS (badge)"
            className=""
            src="test-file-stub"
          />
        </span>
        <span
          className="kiali_f7pgfh0"
        >
          mTLS (badge)
        </span>
      </div>
    </div>
    <div
      className="kiali_fqqe0s6"
      key="Traffic Animation"
    >
      Traffic Animation
      <div
        className="kiali_fxx5dxr"
        key="test-file-stub"
      >
        <span
          className="kiali_fzoxfwf"
        >
          <img
            alt="Healthy Request"
            className=""
            src="test-file-stub"
          />
        </span>
        <span
          className="kiali_f7pgfh0"
        >
          Healthy Request
        </span>
      </div>
      <div
        className="kiali_fxx5dxr"
        key="test-file-stub"
      >
        <span
          className="kiali_fzoxfwf"
        >
          <img
            alt="Failed Request"
            className=""
            src="test-file-stub"
          />
        </span>
        <span
          className="kiali_f7pgfh0"
        >
          Failed Request
        </span>
      </div>
      <div
        className="kiali_fxx5dxr"
        key="test-file-stub"
      >
        <span
          className="kiali_fzoxfwf"
        >
          <img
            alt="TCP Traffic"
            className=""
            src="test-file-stub"
          />
        </span>
        <span
          className="kiali_f7pgfh0"
        >
          TCP Traffic
        </span>
      </div>
    </div>
    <div
      className="kiali_fqqe0s6"
      key="Node Badges"
    >
      Node Badges
      <div
        className="kiali_fxx5dxr"
        key="test-file-stub"
      >
        <span
          className="kiali_fzoxfwf"
        >
          <img
            alt="Circuit Breaker"
            className="kiali_f8j7sv3"
            src="test-file-stub"
          />
        </span>
        <span
          className="kiali_f7pgfh0"
        >
          Circuit Breaker
        </span>
      </div>
      <div
        className="kiali_fxx5dxr"
        key="test-file-stub"
      >
        <span
          className="kiali_fzoxfwf"
        >
          <img
            alt="Fault Injection"
            className="kiali_f8j7sv3"
            src="test-file-stub"
          />
        </span>
        <span
          className="kiali_f7pgfh0"
        >
          Fault Injection
        </span>
      </div>
      <div
        className="kiali_fxx5dxr"
        key="test-file-stub"
      >
        <span
          className="kiali_fzoxfwf"
        >
          <img
            alt="Gateway"
            className="kiali_f8j7sv3"
            src="test-file-stub"
          />
        </span>
        <span
          className="kiali_f7pgfh0"
        >
          Gateway
        </span>
      </div>
      <div
        className="kiali_fxx5dxr"
        key="test-file-stub"
      >
        <span
          className="kiali_fzoxfwf"
        >
          <img
            alt="Mirroring"
            className="kiali_f8j7sv3"
            src="test-file-stub"
          />
        </span>
        <span
          className="kiali_f7pgfh0"
        >
          Mirroring
        </span>
      </div>
      <div
        className="kiali_fxx5dxr"
        key="test-file-stub"
      >
        <span
          className="kiali_fzoxfwf"
        >
          <img
            alt="Missing Sidecar"
            className="kiali_f8j7sv3"
            src="test-file-stub"
          />
        </span>
        <span
          className="kiali_f7pgfh0"
        >
          Missing Sidecar
        </span>
      </div>
      <div
        className="kiali_fxx5dxr"
        key="test-file-stub"
      >
        <span
          className="kiali_fzoxfwf"
        >
          <img
            alt="Request Timeout"
            className="kiali_f8j7sv3"
            src="test-file-stub"
          />
        </span>
        <span
          className="kiali_f7pgfh0"
        >
          Request Timeout
        </span>
      </div>
      <div
        className="kiali_fxx5dxr"
        key="test-file-stub"
      >
        <span
          className="kiali_fzoxfwf"
        >
          <img
            alt="Traffic Shifting / TCP Traffic Shifting"
            className="kiali_f8j7sv3"
            src="test-file-stub"
          />
        </span>
        <span
          className="kiali_f7pgfh0"
        >
          Traffic Shifting / TCP Traffic Shifting
        </span>
      </div>
      <div
        className="kiali_fxx5dxr"
        key="test-file-stub"
      >
        <span
          className="kiali_fzoxfwf"
        >
          <img
            alt="Traffic Source"
            className="kiali_f8j7sv3"
            src="test-file-stub"
          />
        </span>
        <span
          className="kiali_f7pgfh0"
        >
          Traffic Source
        </span>
      </div>
      <div
        className="kiali_fxx5dxr"
        key="test-file-stub"
      >
        <span
          className="kiali_fzoxfwf"
        >
          <img
            alt="Virtual Service / Request Routing"
            className="kiali_f8j7sv3"
            src="test-file-stub"
          />
        </span>
        <span
          className="kiali_f7pgfh0"
        >
          Virtual Service / Request Routing
        </span>
      </div>
      <div
        className="kiali_fxx5dxr"
        key="test-file-stub"
      >
        <span
          className="kiali_fzoxfwf"
        >
          <img
            alt="Workload Entry"
            className="kiali_f8j7sv3"
            src="test-file-stub"
          />
        </span>
        <span
          className="kiali_f7pgfh0"
        >
          Workload Entry
        </span>
      </div>
    </div>
  </div>
</div>
`;
